net\is_bg\ltfn\commons\helper\reasonreg\ReasonRegHelper.class
net\is_bg\ltfn\commons\helper\documenttype\DocumentTypeHelper.class
net\is_bg\ltfn\commons\old\models\organization\Organization.class
net\is_bg\ltfn\commons\old\models\address\country\Country.class
net\is_bg\ltfn\commons\old\models\baldebtinst\BalDebtInst.class
net\is_bg\ltfn\commons\serviceconfiguration\ServiceConfiguration.class
net\is_bg\ltfn\commons\old\models\person\Person.class
net\is_bg\ltfn\commons\old\models\kinddebtreg\KindDebtReg.class
net\is_bg\ltfn\commons\old\models\address\city\City.class
net\is_bg\ltfn\commons\helper\taxdoc\TaxDocHelper.class
net\is_bg\ltfn\commons\helper\city\CityHelper.class
net\is_bg\ltfn\commons\helper\street\StreetHelper.class
net\is_bg\ltfn\commons\helper\agent\AgentHelper.class
net\is_bg\ltfn\commons\helper\decl61x\Decl61xCalculationHelper.class
net\is_bg\ltfn\commons\appresources\AppConstants.class
net\is_bg\ltfn\commons\helper\province\ProvinceHelper.class
net\is_bg\ltfn\commons\appresources\LTFN_PARAMS.class
net\is_bg\ltfn\commons\models\decl61x\obligations\Decl61xObligationsResult.class
net\is_bg\ltfn\commons\serviceregister\ServiceRegisterAPI$SR_PATH.class
net\is_bg\ltfn\commons\helper\taxperiod\TaxPeriodHelper.class
net\is_bg\ltfn\commons\appresources\SERVICES$1.class
net\is_bg\ltfn\commons\old\models\debtinstalment\DebtInstalment.class
net\is_bg\ltfn\commons\old\models\chargereg\ChargeReg.class
net\is_bg\ltfn\commons\models\ModelWithId.class
net\is_bg\ltfn\commons\models\declarations\TaxDoc.class
net\is_bg\ltfn\commons\helper\CommonHelper.class
net\is_bg\ltfn\commons\serviceregister\ServiceRegisterClient.class
net\is_bg\ltfn\commons\old\models\taxsubject\TaxSubject.class
net\is_bg\ltfn\commons\helper\decl61x\Decl61xHelper.class
net\is_bg\ltfn\commons\models\agent\Agent.class
net\is_bg\ltfn\commons\helper\decl61x\Decl61xCalculationParameters.class
net\is_bg\ltfn\commons\helper\organization\OrganizationHelper.class
net\is_bg\ltfn\commons\serviceregister\ServiceRegisterAPI$SR_QUERYPARAMS.class
net\is_bg\ltfn\commons\helper\country\CountryHelper.class
net\is_bg\ltfn\commons\helper\municipality\MunicipalityHelper.class
net\is_bg\ltfn\client\LTFNClient.class
net\is_bg\ltfn\commons\appresources\SERVICES.class
net\is_bg\ltfn\commons\models\declarations\d61x\ApplicationItem.class
net\is_bg\ltfn\commons\old\models\chargeprice\ChargePrice.class
net\is_bg\ltfn\commons\helper\taxsubject\TaxSubjectHelper.class
net\is_bg\ltfn\commons\old\models\province\Province.class
net\is_bg\ltfn\commons\serviceregister\ServiceRegisterAPI.class
net\is_bg\ltfn\commons\old\models\admregion\AdmRegion.class
net\is_bg\ltfn\commons\helper\address\AddressHelper.class
net\is_bg\ltfn\commons\old\models\address\municipality\Municipality.class
net\is_bg\ltfn\commons\old\models\documenttype\DocumentType.class
net\is_bg\ltfn\commons\old\models\taxperiod\TaxPeriod.class
net\is_bg\ltfn\commons\old\models\representative\Representative.class
net\is_bg\ltfn\commons\helper\applicationitem\ApplicationItemHelper.class
net\is_bg\ltfn\commons\old\models\kindparreg\KindParReg.class
net\is_bg\ltfn\commons\old\models\address\Address.class
net\is_bg\ltfn\commons\helper\representative\RepresentativeHelper.class
net\is_bg\ltfn\commons\models\declarations\d61x\Taxi.class
net\is_bg\ltfn\commons\controller\LTFNController.class
net\is_bg\ltfn\commons\serviceregister\ServiceEnvContext.class
net\is_bg\ltfn\commons\models\agent\AgentRoles.class
net\is_bg\ltfn\commons\helper\decode\DecodeHelper.class
net\is_bg\ltfn\commons\helper\application\ApplicationHelper.class
net\is_bg\ltfn\commons\old\models\debtsubject\DebtSubject.class
net\is_bg\ltfn\commons\old\models\user\User.class
net\is_bg\ltfn\commons\helper\kindparreg\KindParRegHelper.class
net\is_bg\ltfn\commons\helper\taxi\TaxiHelper.class
net\is_bg\ltfn\commons\models\dbmunicipality\DBMunicipality.class
net\is_bg\ltfn\commons\helper\debtsubject\DebtSubjectHelper.class
net\is_bg\ltfn\commons\old\models\address\street\Street.class
net\is_bg\ltfn\commons\appresources\LTFN_PATHS.class
net\is_bg\ltfn\commons\models\decode\Decode.class
net\is_bg\ltfn\commons\old\models\reasonreg\ReasonReg.class
net\is_bg\ltfn\commons\models\declarations\d61x\Application.class
net\is_bg\ltfn\commons\init\ServiceApplicationInitListener.class
