C:\_Work\workspaces\workspaceLTFN\LTFN\LTFN-Commons\src\net\is_bg\ltfn\commons\helper\decl61x\Decl61xCalculationHelper.java
C:\_Work\workspaces\workspaceLTFN\LTFN\LTFN-Commons\src\net\is_bg\ltfn\commons\old\models\debtinstalment\DebtInstalment.java
C:\_Work\workspaces\workspaceLTFN\LTFN\LTFN-Commons\src\net\is_bg\ltfn\commons\old\models\chargeprice\ChargePrice.java
C:\_Work\workspaces\workspaceLTFN\LTFN\LTFN-Commons\src\net\is_bg\ltfn\commons\old\models\kinddebtreg\KindDebtReg.java
C:\_Work\workspaces\workspaceLTFN\LTFN\LTFN-Commons\src\net\is_bg\ltfn\commons\old\models\debtsubject\DebtSubject.java
C:\_Work\workspaces\workspaceLTFN\LTFN\LTFN-Commons\src\net\is_bg\ltfn\commons\old\models\usergroup\UserGroup.java
C:\_Work\workspaces\workspaceLTFN\LTFN\LTFN-Commons\src\net\is_bg\ltfn\commons\old\models\organization\Organization.java
C:\_Work\workspaces\workspaceLTFN\LTFN\LTFN-Commons\src\net\is_bg\ltfn\commons\old\models\admregion\AdmRegion.java
C:\_Work\workspaces\workspaceLTFN\LTFN\LTFN-Commons\src\net\is_bg\ltfn\commons\helper\taxi\TaxiHelper.java
C:\_Work\workspaces\workspaceLTFN\LTFN\LTFN-Commons\src\net\is_bg\ltfn\commons\helper\province\ProvinceHelper.java
C:\_Work\workspaces\workspaceLTFN\LTFN\LTFN-Commons\src\net\is_bg\ltfn\commons\helper\city\CityHelper.java
C:\_Work\workspaces\workspaceLTFN\LTFN\LTFN-Commons\src\net\is_bg\ltfn\commons\helper\menu\MenuHelper.java
C:\_Work\workspaces\workspaceLTFN\LTFN\LTFN-Commons\src\net\is_bg\ltfn\commons\helper\user\UserHelper.java
C:\_Work\workspaces\workspaceLTFN\LTFN\LTFN-Commons\src\net\is_bg\ltfn\commons\helper\application\ApplicationHelper.java
C:\_Work\workspaces\workspaceLTFN\LTFN\LTFN-Commons\src\net\is_bg\ltfn\commons\helper\agent\AgentHelper.java
C:\_Work\workspaces\workspaceLTFN\LTFN\LTFN-Commons\src\net\is_bg\ltfn\commons\helper\decl61x\Decl61xHelper.java
C:\_Work\workspaces\workspaceLTFN\LTFN\LTFN-Commons\src\net\is_bg\ltfn\commons\old\models\documenttype\DocumentType.java
C:\_Work\workspaces\workspaceLTFN\LTFN\LTFN-Commons\src\net\is_bg\ltfn\commons\appresources\AppConstants.java
C:\_Work\workspaces\workspaceLTFN\LTFN\LTFN-Commons\src\net\is_bg\ltfn\commons\helper\taxdoc\TaxDocHelper.java
C:\_Work\workspaces\workspaceLTFN\LTFN\LTFN-Commons\src\net\is_bg\ltfn\commons\models\declarations\d61x\Taxi.java
C:\_Work\workspaces\workspaceLTFN\LTFN\LTFN-Commons\src\net\is_bg\ltfn\commons\old\models\taxsubject\TaxSubject.java
C:\_Work\workspaces\workspaceLTFN\LTFN\LTFN-Commons\src\net\is_bg\ltfn\commons\serviceconfiguration\ServiceConfiguration.java
C:\_Work\workspaces\workspaceLTFN\LTFN\LTFN-Commons\src\net\is_bg\ltfn\commons\models\decl61x\obligations\Decl61xObligationsResult.java
C:\_Work\workspaces\workspaceLTFN\LTFN\LTFN-Commons\src\net\is_bg\ltfn\commons\old\models\address\Address.java
C:\_Work\workspaces\workspaceLTFN\LTFN\LTFN-Commons\src\net\is_bg\ltfn\commons\helper\documenttype\DocumentTypeHelper.java
C:\_Work\workspaces\workspaceLTFN\LTFN\LTFN-Commons\src\net\is_bg\ltfn\commons\old\models\kindparreg\KindParReg.java
C:\_Work\workspaces\workspaceLTFN\LTFN\LTFN-Commons\src\net\is_bg\ltfn\commons\old\models\taxperiod\TaxPeriod.java
C:\_Work\workspaces\workspaceLTFN\LTFN\LTFN-Commons\src\net\is_bg\ltfn\commons\old\models\address\street\Street.java
C:\_Work\workspaces\workspaceLTFN\LTFN\LTFN-Commons\src\net\is_bg\ltfn\commons\old\models\address\city\City.java
C:\_Work\workspaces\workspaceLTFN\LTFN\LTFN-Commons\src\net\is_bg\ltfn\commons\old\models\address\municipality\Municipality.java
C:\_Work\workspaces\workspaceLTFN\LTFN\LTFN-Commons\src\net\is_bg\ltfn\commons\serviceregister\ServiceRegisterAPI.java
C:\_Work\workspaces\workspaceLTFN\LTFN\LTFN-Commons\src\net\is_bg\ltfn\commons\helper\decode\DecodeHelper.java
C:\_Work\workspaces\workspaceLTFN\LTFN\LTFN-Commons\src\net\is_bg\ltfn\commons\old\models\province\Province.java
C:\_Work\workspaces\workspaceLTFN\LTFN\LTFN-Commons\src\net\is_bg\ltfn\commons\old\models\person\Person.java
C:\_Work\workspaces\workspaceLTFN\LTFN\LTFN-Commons\src\net\is_bg\ltfn\commons\models\agent\Agent.java
C:\_Work\workspaces\workspaceLTFN\LTFN\LTFN-Commons\src\net\is_bg\ltfn\commons\models\declarations\TaxDoc.java
C:\_Work\workspaces\workspaceLTFN\LTFN\LTFN-Commons\src\net\is_bg\ltfn\commons\old\models\representative\Representative.java
C:\_Work\workspaces\workspaceLTFN\LTFN\LTFN-Commons\src\net\is_bg\ltfn\commons\helper\organization\OrganizationHelper.java
C:\_Work\workspaces\workspaceLTFN\LTFN\LTFN-Commons\src\net\is_bg\ltfn\commons\serviceregister\ServiceRegisterClient.java
C:\_Work\workspaces\workspaceLTFN\LTFN\LTFN-Commons\src\net\is_bg\ltfn\commons\helper\taxperiod\TaxPeriodHelper.java
C:\_Work\workspaces\workspaceLTFN\LTFN\LTFN-Commons\src\net\is_bg\ltfn\commons\models\declarations\d61x\ApplicationItem.java
C:\_Work\workspaces\workspaceLTFN\LTFN\LTFN-Commons\src\net\is_bg\ltfn\commons\helper\address\AddressHelper.java
C:\_Work\workspaces\workspaceLTFN\LTFN\LTFN-Commons\src\net\is_bg\ltfn\commons\old\models\groupmenu\GroupMenu.java
C:\_Work\workspaces\workspaceLTFN\LTFN\LTFN-Commons\src\net\is_bg\ltfn\commons\helper\CommonHelper.java
C:\_Work\workspaces\workspaceLTFN\LTFN\LTFN-Commons\src\net\is_bg\ltfn\commons\helper\street\StreetHelper.java
C:\_Work\workspaces\workspaceLTFN\LTFN\LTFN-Commons\src\net\is_bg\ltfn\commons\models\dbmunicipality\DBMunicipality.java
C:\_Work\workspaces\workspaceLTFN\LTFN\LTFN-Commons\src\net\is_bg\ltfn\commons\helper\country\CountryHelper.java
C:\_Work\workspaces\workspaceLTFN\LTFN\LTFN-Commons\src\net\is_bg\ltfn\client\LTFNClient.java
C:\_Work\workspaces\workspaceLTFN\LTFN\LTFN-Commons\src\net\is_bg\ltfn\commons\appresources\LTFN_PATHS.java
C:\_Work\workspaces\workspaceLTFN\LTFN\LTFN-Commons\src\net\is_bg\ltfn\commons\helper\decl61x\Decl61xCalculationParameters.java
C:\_Work\workspaces\workspaceLTFN\LTFN\LTFN-Commons\src\net\is_bg\ltfn\commons\helper\municipality\MunicipalityHelper.java
C:\_Work\workspaces\workspaceLTFN\LTFN\LTFN-Commons\src\net\is_bg\ltfn\commons\controller\LTFNController.java
C:\_Work\workspaces\workspaceLTFN\LTFN\LTFN-Commons\src\net\is_bg\ltfn\commons\models\decode\Decode.java
C:\_Work\workspaces\workspaceLTFN\LTFN\LTFN-Commons\src\net\is_bg\ltfn\commons\appresources\SERVICES.java
C:\_Work\workspaces\workspaceLTFN\LTFN\LTFN-Commons\src\net\is_bg\ltfn\commons\helper\kindparreg\KindParRegHelper.java
C:\_Work\workspaces\workspaceLTFN\LTFN\LTFN-Commons\src\net\is_bg\ltfn\commons\old\models\chargereg\ChargeReg.java
C:\_Work\workspaces\workspaceLTFN\LTFN\LTFN-Commons\src\net\is_bg\ltfn\commons\models\agent\AgentRoles.java
C:\_Work\workspaces\workspaceLTFN\LTFN\LTFN-Commons\src\net\is_bg\ltfn\commons\old\models\address\country\Country.java
C:\_Work\workspaces\workspaceLTFN\LTFN\LTFN-Commons\src\net\is_bg\ltfn\commons\old\models\user\User.java
C:\_Work\workspaces\workspaceLTFN\LTFN\LTFN-Commons\src\net\is_bg\ltfn\commons\old\models\menu\Menu.java
C:\_Work\workspaces\workspaceLTFN\LTFN\LTFN-Commons\src\net\is_bg\ltfn\commons\models\ModelWithId.java
C:\_Work\workspaces\workspaceLTFN\LTFN\LTFN-Commons\src\net\is_bg\ltfn\commons\helper\debtsubject\DebtSubjectHelper.java
C:\_Work\workspaces\workspaceLTFN\LTFN\LTFN-Commons\src\net\is_bg\ltfn\commons\old\models\baldebtinst\BalDebtInst.java
C:\_Work\workspaces\workspaceLTFN\LTFN\LTFN-Commons\src\net\is_bg\ltfn\commons\old\models\reasonreg\ReasonReg.java
C:\_Work\workspaces\workspaceLTFN\LTFN\LTFN-Commons\src\net\is_bg\ltfn\commons\helper\representative\RepresentativeHelper.java
C:\_Work\workspaces\workspaceLTFN\LTFN\LTFN-Commons\src\net\is_bg\ltfn\commons\helper\reasonreg\ReasonRegHelper.java
C:\_Work\workspaces\workspaceLTFN\LTFN\LTFN-Commons\src\net\is_bg\ltfn\commons\serviceregister\ServiceEnvContext.java
C:\_Work\workspaces\workspaceLTFN\LTFN\LTFN-Commons\src\net\is_bg\ltfn\commons\appresources\LTFN_PARAMS.java
C:\_Work\workspaces\workspaceLTFN\LTFN\LTFN-Commons\src\net\is_bg\ltfn\commons\models\declarations\d61x\Application.java
C:\_Work\workspaces\workspaceLTFN\LTFN\LTFN-Commons\src\net\is_bg\ltfn\commons\helper\taxsubject\TaxSubjectHelper.java
C:\_Work\workspaces\workspaceLTFN\LTFN\LTFN-Commons\src\net\is_bg\ltfn\commons\helper\applicationitem\ApplicationItemHelper.java
C:\_Work\workspaces\workspaceLTFN\LTFN\LTFN-Commons\src\net\is_bg\ltfn\commons\init\ServiceApplicationInitListener.java
